error: E::Bbb should sort before E::Ddd
  --> $DIR/unsorted-match-unstable.rs:15:5
   |
15 |     #[sorted]
   |     ^^^^^^^^^
